// Jest Snapshot v1, https://goo.gl/fbAQLP

exports[`Breadcrumbs component tests Component render correctly 1`] = `
<nav
  className="breadcrumbs"
>
  <ul
    className="breadcrumbs__list"
  >
    <li
      className="breadcrumbs__item"
    >
      <Link
        className="breadcrumbs__link"
        to="/films/1"
      >
        test
      </Link>
    </li>
    <li
      className="breadcrumbs__item"
    >
      <a
        className="breadcrumbs__link"
      >
        Add review
      </a>
    </li>
  </ul>
</nav>
`;
