// Jest Snapshot v1, https://goo.gl/fbAQLP

exports[`SmallMovieCard component render correctly 1`] = `
<article
  className="small-movie-card catalog__movies-card"
>
  <div
    className="small-movie-card__image"
  >
    <img
      alt="Macbeth"
      height="175"
      src="https://es31-server.appspot.com/wtw/static/film/preview/macbeth.jpg"
      width="280"
    />
  </div>
  <h3
    className="small-movie-card__title"
  >
    <a
      className="small-movie-card__link"
      href="/films#1"
      onMouseEnter={[Function]}
    >
      Macbeth
    </a>
  </h3>
</article>
`;
